submitted_sample_id	gcp_uri	aws_uri	file_size	md5	row_num	study_accession	ignore
