sample_use	dbgap_status	sra_data_details	dbgap_subject_id	repository	submitted_sample_id	study_accession_with_consent	study_accession	study_with_consent	study_subject_id	consent_code	sex	body_site	analyte_type	sample_use	repository	dbgap_status	sra_data_details	submitted_subject_id	consent_short_name	analyte_type	sra_sample_id	sex	biosample_id	dbgap_sample_id	consent_code	study_accession	body_site	row_num
	Loaded	(location:Zaire|time:afternoon	0	AB0000	NWD3	phs000921.v3.p2.c2		phs000921.c2	phs000921.v3_BUR00000	3	not specified	Mouth	RNA		AB0000	Loaded	(location:Zaire|time:afternoon	BUR00000	DS-AB-CD-EF-3	RNA		not specified	SAMN0000	0	3		Mouth	3
