GUID	submitted_sample_id	dbgap_sample_id	sra_sample_id	biosample_id	submitted_subject_id	dbgap_subject_id	consent_short_name	study_accession_with_consent	study_accession	study_with_consent	datastage_subject_id	consent_code	sex	body_site	analyte_type	sample_use	repository	dbgap_status	sra_data_details	file_size	md5	md5_hex	aws_uri	gcp_uri	permission	g_access_group
None	NWD1	3415794		SAMN11170051	BUR01234	12340	DS-AB-CD-EF-1	phs000920.v3.p2.c1	phs000920.v3.p2	phs000920.c1	phs000920.v3_BUR01234	1	female	Peripheral Blood	DNA		AB4321	Loaded	(location:Greenland|time:evening)	100	fb23OXj8h9qX44uhlRei5A==	7dbdb73978fc87da97e38ba19517a2e4			READ	stagedcp_phs000920.c1_read_gbag@dcp.bionimbus.org
None	NWD1	3415794		SAMN11170051	BUR01234	12340	DS-AB-CD-EF-1	phs000920.v3.p2.c1	phs000920.v3.p2	phs000920.c1	phs000920.v3_BUR01234	1	female	Peripheral Blood	DNA		AB4321	Loaded	(location:Greenland|time:evening)	200	hb23OXj8h9qX44uhlRei6A==	85bdb73978fc87da97e38ba19517a2e8			READ	stagedcp_phs000920.c1_read_gbag@dcp.bionimbus.org
None	NWD2	4321		SAMN4321	BUR04321	43210	DS-AB-CD-EF-2	phs000921.v3.p2.c2	phs000921.v3.p2	phs000921.c2	phs000921.v3_BUR04321	2	other	Eyes	DNA		AB1234	Loaded	(location:Greenland|time:evening)	100	ib23OXj8h9qX44uhlRei7A==	89bdb73978fc87da97e38ba19517a2ec			READ	stagedcp_phs000921.c2_read_gbag@dcp.bionimbus.org
None	NWD2	4321		SAMN4321	BUR04321	43210	DS-AB-CD-EF-2	phs000921.v3.p2.c2	phs000921.v3.p2	phs000921.c2	phs000921.v3_BUR04321	2	other	Eyes	DNA		AB1234	Loaded	(location:Greenland|time:evening)	200	jb23OXj8h9qX44uhlRei8A==	8dbdb73978fc87da97e38ba19517a2f0			READ	stagedcp_phs000921.c2_read_gbag@dcp.bionimbus.org
